2026-02-06 16:16:02 [INFO] APP_SYNC_FV - 
2026-02-06 16:16:02 [INFO] APP_SYNC_FV - ====================================================================
2026-02-06 16:16:02 [INFO] APP_SYNC_FV - 🚀 INÍCIO da carga FV (AWS AppSync ➜ DW_ALVORADA)
2026-02-06 16:16:02 [INFO] APP_SYNC_FV - 📄 Log em arquivo: C:\PYTHON\APP_SYNC_FV\logs\app_sync_fv_20260206_161601.log
2026-02-06 16:16:02 [INFO] APP_SYNC_FV - ====================================================================
2026-02-06 16:16:02 [INFO] APP_SYNC_FV - 
2026-02-06 16:16:02 [INFO] APP_SYNC_FV - 🔧 [CONFIG] Carregando configurações (.env)...
2026-02-06 16:16:02 [INFO] APP_SYNC_FV - 🔧 [CONFIG] Configurações carregadas com sucesso.
2026-02-06 16:16:02 [INFO] APP_SYNC_FV - 
2026-02-06 16:16:02 [INFO] APP_SYNC_FV - ☁️ [AWS] Criando cliente GraphQL (AppSync)...
2026-02-06 16:16:02 [INFO] APP_SYNC_FV - 🗄️ [DW] Criando conector SQL Server (DW_ALVORADA)...
2026-02-06 16:16:02 [INFO] APP_SYNC_FV - 🧩 [SERVIÇOS] Instanciando FVService (AWS) e FVRepositoryDW (DW)...
2026-02-06 16:16:02 [INFO] APP_SYNC_FV - 
2026-02-06 16:16:02 [INFO] APP_SYNC_FV - 📐 [SCHEMA] Verificando/criando tabelas FV no DW...
2026-02-06 16:16:02 [INFO] root - Conectando ao SQL Server 10.1.1.67:1433 / DB=DW_ALVORADA (auth=sql)...
2026-02-06 16:16:02 [INFO] root - Tabela dbo.FV_TIPO_SERVICO_VISITA existe? True
2026-02-06 16:16:02 [INFO] root - Tabela FV_TIPO_SERVICO_VISITA já existe. Nenhuma ação necessária.
2026-02-06 16:16:02 [INFO] root - Conectando ao SQL Server 10.1.1.67:1433 / DB=DW_ALVORADA (auth=sql)...
2026-02-06 16:16:02 [INFO] root - Tabela dbo.FV_REGISTRO_VISITA existe? False
2026-02-06 16:16:02 [INFO] root - Criando tabela FV_REGISTRO_VISITA...
2026-02-06 16:16:02 [INFO] root - Conectando ao SQL Server 10.1.1.67:1433 / DB=DW_ALVORADA (auth=sql)...
2026-02-06 16:16:03 [INFO] root - Tabela FV_REGISTRO_VISITA criada com sucesso.
2026-02-06 16:16:03 [INFO] root - Conectando ao SQL Server 10.1.1.67:1433 / DB=DW_ALVORADA (auth=sql)...
2026-02-06 16:16:03 [INFO] root - Tabela dbo.FV_REGISTRO_VISITA_ANEXOS existe? True
2026-02-06 16:16:03 [INFO] root - Tabela FV_REGISTRO_VISITA_ANEXOS já existe. Nenhuma ação necessária.
2026-02-06 16:16:03 [INFO] root - Conectando ao SQL Server 10.1.1.67:1433 / DB=DW_ALVORADA (auth=sql)...
2026-02-06 16:16:03 [INFO] root - Tabela dbo.FV_REGISTRO_VISITA_SERVICOS existe? True
2026-02-06 16:16:03 [INFO] root - Tabela FV_REGISTRO_VISITA_SERVICOS já existe. Nenhuma ação necessária.
2026-02-06 16:16:03 [INFO] APP_SYNC_FV - 📐 [SCHEMA] Tabelas FV prontas no DW_ALVORADA.
2026-02-06 16:16:03 [INFO] APP_SYNC_FV - 
2026-02-06 16:16:03 [INFO] APP_SYNC_FV - ☁️ [AWS] Buscando dados na AWS AppSync (tipos, visitas, anexos, serviços)...
2026-02-06 16:16:03 [INFO] root - Buscando tipos de serviço (listTipoServicoVisita)...
2026-02-06 16:16:03 [ERROR] APP_SYNC_FV - ❌ ERRO durante a execução da carga FV: 'GraphQLClient' object has no attribute 'query'
Traceback (most recent call last):
  File "C:\PYTHON\APP_SYNC_FV\main.py", line 102, in main
    tipos = service.get_tipos_servico()
            ^^^^^^^^^^^^^^^^^^^^^^^^^^^
  File "C:\PYTHON\APP_SYNC_FV\app_sync_fv\fv_service.py", line 122, in get_tipos_servico
    data = self.client.query(QUERY_LIST_TIPO_SERVICO_VISITA)
           ^^^^^^^^^^^^^^^^^
AttributeError: 'GraphQLClient' object has no attribute 'query'
