2026-02-06 16:22:44 [INFO] APP_SYNC_FV - 
2026-02-06 16:22:44 [INFO] APP_SYNC_FV - ====================================================================
2026-02-06 16:22:44 [INFO] APP_SYNC_FV - 🚀 INÍCIO da carga FV (AWS AppSync ➜ DW_ALVORADA)
2026-02-06 16:22:44 [INFO] APP_SYNC_FV - 📄 Log em arquivo: C:\PYTHON\APP_SYNC_FV\logs\app_sync_fv_20260206_162244.log
2026-02-06 16:22:44 [INFO] APP_SYNC_FV - ====================================================================
2026-02-06 16:22:44 [INFO] APP_SYNC_FV - 
2026-02-06 16:22:44 [INFO] APP_SYNC_FV - 🔧 [CONFIG] Carregando configurações (.env)...
2026-02-06 16:22:44 [INFO] APP_SYNC_FV - 🔧 [CONFIG] Configurações carregadas com sucesso.
2026-02-06 16:22:44 [INFO] APP_SYNC_FV - 
2026-02-06 16:22:44 [INFO] APP_SYNC_FV - ☁️ [AWS] Criando cliente GraphQL (AppSync)...
2026-02-06 16:22:44 [INFO] APP_SYNC_FV - 🗄️ [DW] Criando conector SQL Server (DW_ALVORADA)...
2026-02-06 16:22:44 [INFO] APP_SYNC_FV - 🧩 [SERVIÇOS] Instanciando FVService (AWS) e FVRepositoryDW (DW)...
2026-02-06 16:22:44 [INFO] APP_SYNC_FV - 
2026-02-06 16:22:44 [INFO] APP_SYNC_FV - 📐 [SCHEMA] Verificando/criando tabelas FV no DW...
2026-02-06 16:22:44 [INFO] root - Conectando ao SQL Server 10.1.1.67:1433 / DB=DW_ALVORADA (auth=sql)...
2026-02-06 16:22:45 [INFO] root - Tabela dbo.FV_TIPO_SERVICO_VISITA existe? True
2026-02-06 16:22:45 [INFO] root - Tabela FV_TIPO_SERVICO_VISITA já existe. Nenhuma ação necessária.
2026-02-06 16:22:45 [INFO] root - Conectando ao SQL Server 10.1.1.67:1433 / DB=DW_ALVORADA (auth=sql)...
2026-02-06 16:22:45 [INFO] root - Tabela dbo.FV_REGISTRO_VISITA existe? True
2026-02-06 16:22:45 [INFO] root - Tabela FV_REGISTRO_VISITA já existe. Nenhuma ação necessária.
2026-02-06 16:22:45 [INFO] root - Conectando ao SQL Server 10.1.1.67:1433 / DB=DW_ALVORADA (auth=sql)...
2026-02-06 16:22:45 [INFO] root - Tabela dbo.FV_REGISTRO_VISITA_ANEXOS existe? True
2026-02-06 16:22:45 [INFO] root - Tabela FV_REGISTRO_VISITA_ANEXOS já existe. Nenhuma ação necessária.
2026-02-06 16:22:45 [INFO] root - Conectando ao SQL Server 10.1.1.67:1433 / DB=DW_ALVORADA (auth=sql)...
2026-02-06 16:22:45 [INFO] root - Tabela dbo.FV_REGISTRO_VISITA_SERVICOS existe? True
2026-02-06 16:22:45 [INFO] root - Tabela FV_REGISTRO_VISITA_SERVICOS já existe. Nenhuma ação necessária.
2026-02-06 16:22:45 [INFO] APP_SYNC_FV - 📐 [SCHEMA] Tabelas FV prontas no DW_ALVORADA.
2026-02-06 16:22:45 [INFO] APP_SYNC_FV - 
2026-02-06 16:22:45 [INFO] APP_SYNC_FV - ☁️ [AWS] Buscando dados na AWS AppSync (tipos, visitas, anexos, serviços)...
2026-02-06 16:22:45 [INFO] root - Buscando tipos de serviço (listTipoServicoVisita)...
2026-02-06 16:22:47 [INFO] root - Total de tipos de serviço: 14
2026-02-06 16:22:47 [INFO] root - Buscando listRegistroVisitaPaginada: skip=0, take=500
2026-02-06 16:22:47 [INFO] root - Batch retornado: 63 linhas
2026-02-06 16:22:47 [INFO] root - Total de linhas em listRegistroVisitaPaginada: 63
2026-02-06 16:22:47 [INFO] root - Buscando listRegistroVisitaAnexosPaginada: skip=0, take=500
2026-02-06 16:22:48 [INFO] root - Batch retornado: 185 linhas
2026-02-06 16:22:48 [INFO] root - Total de linhas em listRegistroVisitaAnexosPaginada: 185
2026-02-06 16:22:48 [INFO] root - Buscando listRegistroVisitaServicosPaginada: skip=0, take=500
2026-02-06 16:22:49 [INFO] root - Batch retornado: 77 linhas
2026-02-06 16:22:49 [INFO] root - Total de linhas em listRegistroVisitaServicosPaginada: 77
2026-02-06 16:22:49 [INFO] APP_SYNC_FV - ☁️ [AWS] Dados obtidos: tipos=14 | visitas=63 | anexos=185 | serviços=77
2026-02-06 16:22:49 [INFO] APP_SYNC_FV - 
2026-02-06 16:22:49 [INFO] APP_SYNC_FV - 📥 [DW] Iniciando carga no DW_ALVORADA (TRUNCATE + INSERT)...
2026-02-06 16:22:49 [INFO] APP_SYNC_FV - 📥 [DW] Carregando tabela dbo.FV_TIPO_SERVICO_VISITA...
2026-02-06 16:22:49 [INFO] root - TRUNCATE TABLE dbo.FV_TIPO_SERVICO_VISITA ...
2026-02-06 16:22:49 [INFO] root - Conectando ao SQL Server 10.1.1.67:1433 / DB=DW_ALVORADA (auth=sql)...
2026-02-06 16:22:50 [INFO] root - TRUNCATE TABLE dbo.FV_TIPO_SERVICO_VISITA concluído.
2026-02-06 16:22:50 [INFO] root - Inserindo 14 linhas...
2026-02-06 16:22:50 [INFO] root - Conectando ao SQL Server 10.1.1.67:1433 / DB=DW_ALVORADA (auth=sql)...
2026-02-06 16:22:50 [INFO] root - Insert concluído (14 linhas).
2026-02-06 16:22:51 [INFO] APP_SYNC_FV - 📥 [DW] Carregando tabela dbo.FV_REGISTRO_VISITA...
2026-02-06 16:22:51 [INFO] root - TRUNCATE TABLE dbo.FV_REGISTRO_VISITA ...
2026-02-06 16:22:51 [INFO] root - Conectando ao SQL Server 10.1.1.67:1433 / DB=DW_ALVORADA (auth=sql)...
2026-02-06 16:22:51 [INFO] root - TRUNCATE TABLE dbo.FV_REGISTRO_VISITA concluído.
2026-02-06 16:22:51 [INFO] root - Inserindo 63 linhas...
2026-02-06 16:22:51 [INFO] root - Conectando ao SQL Server 10.1.1.67:1433 / DB=DW_ALVORADA (auth=sql)...
2026-02-06 16:22:51 [INFO] root - Insert concluído (63 linhas).
2026-02-06 16:22:51 [INFO] APP_SYNC_FV - 📥 [DW] Carregando tabela dbo.FV_REGISTRO_VISITA_ANEXOS...
2026-02-06 16:22:51 [INFO] root - TRUNCATE TABLE dbo.FV_REGISTRO_VISITA_ANEXOS ...
2026-02-06 16:22:51 [INFO] root - Conectando ao SQL Server 10.1.1.67:1433 / DB=DW_ALVORADA (auth=sql)...
2026-02-06 16:22:51 [INFO] root - TRUNCATE TABLE dbo.FV_REGISTRO_VISITA_ANEXOS concluído.
2026-02-06 16:22:51 [INFO] root - Inserindo 185 linhas...
2026-02-06 16:22:51 [INFO] root - Conectando ao SQL Server 10.1.1.67:1433 / DB=DW_ALVORADA (auth=sql)...
2026-02-06 16:22:52 [INFO] root - Insert concluído (185 linhas).
2026-02-06 16:22:52 [INFO] APP_SYNC_FV - 📥 [DW] Carregando tabela dbo.FV_REGISTRO_VISITA_SERVICOS...
2026-02-06 16:22:52 [INFO] root - TRUNCATE TABLE dbo.FV_REGISTRO_VISITA_SERVICOS ...
2026-02-06 16:22:52 [INFO] root - Conectando ao SQL Server 10.1.1.67:1433 / DB=DW_ALVORADA (auth=sql)...
2026-02-06 16:22:52 [INFO] root - TRUNCATE TABLE dbo.FV_REGISTRO_VISITA_SERVICOS concluído.
2026-02-06 16:22:52 [INFO] root - Inserindo 77 linhas...
2026-02-06 16:22:52 [INFO] root - Conectando ao SQL Server 10.1.1.67:1433 / DB=DW_ALVORADA (auth=sql)...
2026-02-06 16:22:52 [INFO] root - Insert concluído (77 linhas).
2026-02-06 16:22:52 [INFO] APP_SYNC_FV - 
2026-02-06 16:22:52 [INFO] APP_SYNC_FV - ✅ Carga FV concluída com sucesso no DW_ALVORADA.
2026-02-06 16:22:52 [INFO] APP_SYNC_FV - ====================================================================
2026-02-06 16:22:52 [INFO] APP_SYNC_FV - 🏁 FIM da execução sem erros.
2026-02-06 16:22:52 [INFO] APP_SYNC_FV - ====================================================================
