2026-03-16 07:29:58 [INFO] APP_SYNC_FV - 
2026-03-16 07:29:58 [INFO] APP_SYNC_FV - ====================================================================
2026-03-16 07:29:58 [INFO] APP_SYNC_FV - 🚀 INÍCIO da carga FV (AWS AppSync ➜ DW_ALVORADA)
2026-03-16 07:29:58 [INFO] APP_SYNC_FV - 📄 Log em arquivo: C:\PYTHON\APP_SYNC_FV\logs\app_sync_fv_20260316_072958.log
2026-03-16 07:29:58 [INFO] APP_SYNC_FV - ====================================================================
2026-03-16 07:29:58 [INFO] APP_SYNC_FV - 
2026-03-16 07:29:58 [INFO] APP_SYNC_FV - 🔧 [CONFIG] Carregando configurações (.env)...
2026-03-16 07:29:58 [INFO] APP_SYNC_FV - 🔧 [CONFIG] Configurações carregadas com sucesso.
2026-03-16 07:29:58 [INFO] APP_SYNC_FV - 
2026-03-16 07:29:58 [INFO] APP_SYNC_FV - ☁️ [AWS] Criando cliente GraphQL (AppSync)...
2026-03-16 07:29:58 [INFO] APP_SYNC_FV - 🗄️ [DW] Criando conector SQL Server (DW_ALVORADA)...
2026-03-16 07:29:58 [INFO] APP_SYNC_FV - 🧩 [SERVIÇOS] Instanciando FVService (AWS) e FVRepositoryDW (DW)...
2026-03-16 07:29:58 [INFO] APP_SYNC_FV - 
2026-03-16 07:29:58 [INFO] APP_SYNC_FV - 📐 [SCHEMA] Verificando/criando tabelas FV no DW...
2026-03-16 07:29:58 [INFO] root - Conectando ao SQL Server 10.1.1.67:1433 / DB=DW_ALVORADA (auth=sql)...
2026-03-16 07:29:59 [INFO] root - Tabela dbo.FV_TIPO_SERVICO_VISITA existe? True
2026-03-16 07:29:59 [INFO] root - Tabela FV_TIPO_SERVICO_VISITA já existe. Nenhuma ação necessária.
2026-03-16 07:29:59 [INFO] root - Conectando ao SQL Server 10.1.1.67:1433 / DB=DW_ALVORADA (auth=sql)...
2026-03-16 07:29:59 [INFO] root - Tabela dbo.FV_REGISTRO_VISITA existe? True
2026-03-16 07:29:59 [INFO] root - Tabela FV_REGISTRO_VISITA já existe. Nenhuma ação necessária.
2026-03-16 07:29:59 [INFO] root - Conectando ao SQL Server 10.1.1.67:1433 / DB=DW_ALVORADA (auth=sql)...
2026-03-16 07:29:59 [INFO] root - Tabela dbo.FV_REGISTRO_VISITA_ANEXOS existe? True
2026-03-16 07:29:59 [INFO] root - Tabela FV_REGISTRO_VISITA_ANEXOS já existe. Nenhuma ação necessária.
2026-03-16 07:29:59 [INFO] root - Conectando ao SQL Server 10.1.1.67:1433 / DB=DW_ALVORADA (auth=sql)...
2026-03-16 07:29:59 [INFO] root - Tabela dbo.FV_REGISTRO_VISITA_SERVICOS existe? True
2026-03-16 07:29:59 [INFO] root - Tabela FV_REGISTRO_VISITA_SERVICOS já existe. Nenhuma ação necessária.
2026-03-16 07:29:59 [INFO] APP_SYNC_FV - 📐 [SCHEMA] Tabelas FV prontas no DW_ALVORADA.
2026-03-16 07:29:59 [INFO] APP_SYNC_FV - 
2026-03-16 07:29:59 [INFO] APP_SYNC_FV - ☁️ [AWS] Buscando dados na AWS AppSync (tipos, visitas, anexos, serviços)...
2026-03-16 07:29:59 [INFO] root - Buscando tipos de serviço (listTipoServicoVisita)...
2026-03-16 07:30:01 [INFO] root - Total de tipos de serviço: 14
2026-03-16 07:30:01 [INFO] root - Buscando listRegistroVisitaPaginada: skip=0, take=500
2026-03-16 07:30:02 [INFO] root - Batch retornado: 99 linhas
2026-03-16 07:30:02 [INFO] root - Total de linhas em listRegistroVisitaPaginada: 99
2026-03-16 07:30:02 [INFO] root - Buscando listRegistroVisitaAnexosPaginada: skip=0, take=500
2026-03-16 07:30:03 [INFO] root - Batch retornado: 383 linhas
2026-03-16 07:30:03 [INFO] root - Total de linhas em listRegistroVisitaAnexosPaginada: 383
2026-03-16 07:30:03 [INFO] root - Buscando listRegistroVisitaServicosPaginada: skip=0, take=500
2026-03-16 07:30:04 [INFO] root - Batch retornado: 128 linhas
2026-03-16 07:30:04 [INFO] root - Total de linhas em listRegistroVisitaServicosPaginada: 128
2026-03-16 07:30:04 [INFO] APP_SYNC_FV - ☁️ [AWS] Dados obtidos: tipos=14 | visitas=99 | anexos=383 | serviços=128
2026-03-16 07:30:04 [INFO] APP_SYNC_FV - 
2026-03-16 07:30:04 [INFO] APP_SYNC_FV - 📥 [DW] Iniciando carga no DW_ALVORADA (TRUNCATE + INSERT)...
2026-03-16 07:30:04 [INFO] APP_SYNC_FV - 📥 [DW] Carregando tabela dbo.FV_TIPO_SERVICO_VISITA...
2026-03-16 07:30:04 [INFO] root - TRUNCATE TABLE dbo.FV_TIPO_SERVICO_VISITA ...
2026-03-16 07:30:04 [INFO] root - Conectando ao SQL Server 10.1.1.67:1433 / DB=DW_ALVORADA (auth=sql)...
2026-03-16 07:30:05 [INFO] root - TRUNCATE TABLE dbo.FV_TIPO_SERVICO_VISITA concluído.
2026-03-16 07:30:05 [INFO] root - Inserindo 14 linhas...
2026-03-16 07:30:05 [INFO] root - Conectando ao SQL Server 10.1.1.67:1433 / DB=DW_ALVORADA (auth=sql)...
2026-03-16 07:30:05 [INFO] root - Insert concluído (14 linhas).
2026-03-16 07:30:05 [INFO] APP_SYNC_FV - 📥 [DW] Carregando tabela dbo.FV_REGISTRO_VISITA...
2026-03-16 07:30:05 [INFO] root - TRUNCATE TABLE dbo.FV_REGISTRO_VISITA ...
2026-03-16 07:30:05 [INFO] root - Conectando ao SQL Server 10.1.1.67:1433 / DB=DW_ALVORADA (auth=sql)...
2026-03-16 07:30:05 [INFO] root - TRUNCATE TABLE dbo.FV_REGISTRO_VISITA concluído.
2026-03-16 07:30:05 [INFO] root - Inserindo 99 linhas...
2026-03-16 07:30:05 [INFO] root - Conectando ao SQL Server 10.1.1.67:1433 / DB=DW_ALVORADA (auth=sql)...
2026-03-16 07:30:05 [INFO] root - Insert concluído (99 linhas).
2026-03-16 07:30:05 [INFO] APP_SYNC_FV - 📥 [DW] Carregando tabela dbo.FV_REGISTRO_VISITA_ANEXOS...
2026-03-16 07:30:05 [INFO] root - TRUNCATE TABLE dbo.FV_REGISTRO_VISITA_ANEXOS ...
2026-03-16 07:30:05 [INFO] root - Conectando ao SQL Server 10.1.1.67:1433 / DB=DW_ALVORADA (auth=sql)...
2026-03-16 07:30:06 [INFO] root - TRUNCATE TABLE dbo.FV_REGISTRO_VISITA_ANEXOS concluído.
2026-03-16 07:30:06 [INFO] root - Inserindo 383 linhas...
2026-03-16 07:30:06 [INFO] root - Conectando ao SQL Server 10.1.1.67:1433 / DB=DW_ALVORADA (auth=sql)...
2026-03-16 07:30:06 [INFO] root - Insert concluído (383 linhas).
2026-03-16 07:30:06 [INFO] APP_SYNC_FV - 📥 [DW] Carregando tabela dbo.FV_REGISTRO_VISITA_SERVICOS...
2026-03-16 07:30:06 [INFO] root - TRUNCATE TABLE dbo.FV_REGISTRO_VISITA_SERVICOS ...
2026-03-16 07:30:06 [INFO] root - Conectando ao SQL Server 10.1.1.67:1433 / DB=DW_ALVORADA (auth=sql)...
2026-03-16 07:30:06 [INFO] root - TRUNCATE TABLE dbo.FV_REGISTRO_VISITA_SERVICOS concluído.
2026-03-16 07:30:06 [INFO] root - Inserindo 128 linhas...
2026-03-16 07:30:06 [INFO] root - Conectando ao SQL Server 10.1.1.67:1433 / DB=DW_ALVORADA (auth=sql)...
2026-03-16 07:30:06 [INFO] root - Insert concluído (128 linhas).
2026-03-16 07:30:06 [INFO] APP_SYNC_FV - 
2026-03-16 07:30:06 [INFO] APP_SYNC_FV - ✅ Carga FV concluída com sucesso no DW_ALVORADA.
2026-03-16 07:30:06 [INFO] APP_SYNC_FV - ====================================================================
2026-03-16 07:30:06 [INFO] APP_SYNC_FV - 🏁 FIM da execução sem erros.
2026-03-16 07:30:06 [INFO] APP_SYNC_FV - ====================================================================
